# Test a simple graph

created graph graph1

added node A to graph1
added node B to graph1
added node C to graph1

added edge 1.000 from A to B in graph1
added edge 1.000 from B to C in graph1

path from A to C:
A to B with weight 1.000
B to C with weight 1.000
total cost: 2.000